// Jest Snapshot v1, https://goo.gl/fbAQLP

exports[`components ProfileToolbar component should render as expected 1`] = `
ShallowWrapper {
  Symbol(enzyme.__root__): [Circular],
  Symbol(enzyme.__unrendered__): <Profile
    article={
      Object {
        "authorId": 1,
        "averageRating": null,
        "body": "This is the fine long body this is the fine long body  this is the fine long body  this is the fine long body  this is the fine long body ",
        "comments": Array [],
        "createdAt": "2018-11-09T15:08:00.560Z",
        "description": " this is the fine long body  this is the fine long body ",
        "favorited": null,
        "favoritesCount": null,
        "id": 2,
        "image": null,
        "reactions": Array [],
        "read_time": "1 minute",
        "slug": "this-is-a-fine-title-which-i-would-really-love-to-have",
        "tagList": null,
        "title": "This is a fine title which I would really love to have",
        "updatedAt": "2018-11-09T15:08:00.560Z",
        "user": Object {
          "email": "damafeez11@gmail.com",
          "firstname": "Afeez1",
          "lastname": "Awoyemi",
          "notificationSettings": Array [
            "email",
            "inApp",
          ],
          "role": "User",
        },
      }
    }
    author="Afeez Awoyemi"
    history={
      Object {
        "push": [MockFunction] {
          "calls": Array [
            Array [
              "/articles/this-is-a-fine-title-which-i-would-really-love-to-have",
            ],
          ],
          "results": Array [
            Object {
              "isThrow": false,
              "value": undefined,
            },
          ],
        },
      }
    }
    userId={1}
  />,
  Symbol(enzyme.__renderer__): Object {
    "batchedUpdates": [Function],
    "getNode": [Function],
    "render": [Function],
    "simulateError": [Function],
    "simulateEvent": [Function],
    "unmount": [Function],
  },
  Symbol(enzyme.__node__): Object {
    "instance": null,
    "key": undefined,
    "nodeType": "host",
    "props": Object {
      "children": Array [
        <Link
          className="profile-article_user-img"
          onClick={[Function]}
          replace={false}
          to="/user/profile/1"
        >
          <img
            alt="user"
            src="https://res.cloudinary.com/drmmqcxkc/image/upload/v1541506955/user-placeholder.png"
          />
        </Link>,
        <div
          className="profile-article_img"
          style={
            Object {
              "backgroundImage": "url(https://res.cloudinary.com/drmmqcxkc/image/upload/v1541513674/Authors%20Haven/article-placeholder.jpg)",
            }
          }
        />,
        <h3>
          This is a fine title which I would really love to have
        </h3>,
        <Link
          className="profile-article_username p"
          onClick={[Function]}
          replace={false}
          to="/user/profile/1"
        >
          Afeez Awoyemi
        </Link>,
        <p
          className="profile-article_date"
        >
          Nov 9, 2018
        </p>,
        <p
          className="profile-article_read-time"
        >
          1 minute read
        </p>,
        <p
          className="profile-article_description"
        >
           this is the fine long body  this is the fine long body 
        </p>,
        <div
          className="profile-article_footer"
        >
          <p
            className="profile-article_likes"
          >
            0
             
            <svg
              className="icon"
            >
              <use
                xlinkHref="icons.svg#like"
              />
            </svg>
          </p>
          <p
            className="profile-article_dislikes"
          >
            0
             
            <svg
              className="icon"
            >
              <use
                xlinkHref="icons.svg#dislike"
              />
            </svg>
          </p>
          <p
            className="comments"
          >
            0 comments
          </p>
          <Link
            className="edit p hoverable"
            onClick={[Function]}
            replace={false}
            to="/articles/edit/this-is-a-fine-title-which-i-would-really-love-to-have"
          >
            Edit Article
          </Link>
        </div>,
      ],
      "className": "profile-article hoverable",
      "onClick": [Function],
    },
    "ref": null,
    "rendered": Array [
      Object {
        "instance": null,
        "key": undefined,
        "nodeType": "class",
        "props": Object {
          "children": <img
            alt="user"
            src="https://res.cloudinary.com/drmmqcxkc/image/upload/v1541506955/user-placeholder.png"
          />,
          "className": "profile-article_user-img",
          "onClick": [Function],
          "replace": false,
          "to": "/user/profile/1",
        },
        "ref": null,
        "rendered": Object {
          "instance": null,
          "key": undefined,
          "nodeType": "host",
          "props": Object {
            "alt": "user",
            "src": "https://res.cloudinary.com/drmmqcxkc/image/upload/v1541506955/user-placeholder.png",
          },
          "ref": null,
          "rendered": null,
          "type": "img",
        },
        "type": [Function],
      },
      Object {
        "instance": null,
        "key": undefined,
        "nodeType": "host",
        "props": Object {
          "className": "profile-article_img",
          "style": Object {
            "backgroundImage": "url(https://res.cloudinary.com/drmmqcxkc/image/upload/v1541513674/Authors%20Haven/article-placeholder.jpg)",
          },
        },
        "ref": null,
        "rendered": null,
        "type": "div",
      },
      Object {
        "instance": null,
        "key": undefined,
        "nodeType": "host",
        "props": Object {
          "children": "This is a fine title which I would really love to have",
        },
        "ref": null,
        "rendered": "This is a fine title which I would really love to have",
        "type": "h3",
      },
      Object {
        "instance": null,
        "key": undefined,
        "nodeType": "class",
        "props": Object {
          "children": "Afeez Awoyemi",
          "className": "profile-article_username p",
          "onClick": [Function],
          "replace": false,
          "to": "/user/profile/1",
        },
        "ref": null,
        "rendered": "Afeez Awoyemi",
        "type": [Function],
      },
      Object {
        "instance": null,
        "key": undefined,
        "nodeType": "host",
        "props": Object {
          "children": "Nov 9, 2018",
          "className": "profile-article_date",
        },
        "ref": null,
        "rendered": "Nov 9, 2018",
        "type": "p",
      },
      Object {
        "instance": null,
        "key": undefined,
        "nodeType": "host",
        "props": Object {
          "children": "1 minute read",
          "className": "profile-article_read-time",
        },
        "ref": null,
        "rendered": "1 minute read",
        "type": "p",
      },
      Object {
        "instance": null,
        "key": undefined,
        "nodeType": "host",
        "props": Object {
          "children": Array [
            " this is the fine long body  this is the fine long body ",
          ],
          "className": "profile-article_description",
        },
        "ref": null,
        "rendered": Array [
          " this is the fine long body  this is the fine long body ",
        ],
        "type": "p",
      },
      Object {
        "instance": null,
        "key": undefined,
        "nodeType": "host",
        "props": Object {
          "children": Array [
            <p
              className="profile-article_likes"
            >
              0
               
              <svg
                className="icon"
              >
                <use
                  xlinkHref="icons.svg#like"
                />
              </svg>
            </p>,
            <p
              className="profile-article_dislikes"
            >
              0
               
              <svg
                className="icon"
              >
                <use
                  xlinkHref="icons.svg#dislike"
                />
              </svg>
            </p>,
            <p
              className="comments"
            >
              0 comments
            </p>,
            <Link
              className="edit p hoverable"
              onClick={[Function]}
              replace={false}
              to="/articles/edit/this-is-a-fine-title-which-i-would-really-love-to-have"
            >
              Edit Article
            </Link>,
          ],
          "className": "profile-article_footer",
        },
        "ref": null,
        "rendered": Array [
          Object {
            "instance": null,
            "key": undefined,
            "nodeType": "host",
            "props": Object {
              "children": Array [
                0,
                " ",
                <svg
                  className="icon"
                >
                  <use
                    xlinkHref="icons.svg#like"
                  />
                </svg>,
              ],
              "className": "profile-article_likes",
            },
            "ref": null,
            "rendered": Array [
              0,
              " ",
              Object {
                "instance": null,
                "key": undefined,
                "nodeType": "host",
                "props": Object {
                  "children": <use
                    xlinkHref="icons.svg#like"
                  />,
                  "className": "icon",
                },
                "ref": null,
                "rendered": Object {
                  "instance": null,
                  "key": undefined,
                  "nodeType": "host",
                  "props": Object {
                    "xlinkHref": "icons.svg#like",
                  },
                  "ref": null,
                  "rendered": null,
                  "type": "use",
                },
                "type": "svg",
              },
            ],
            "type": "p",
          },
          Object {
            "instance": null,
            "key": undefined,
            "nodeType": "host",
            "props": Object {
              "children": Array [
                0,
                " ",
                <svg
                  className="icon"
                >
                  <use
                    xlinkHref="icons.svg#dislike"
                  />
                </svg>,
              ],
              "className": "profile-article_dislikes",
            },
            "ref": null,
            "rendered": Array [
              0,
              " ",
              Object {
                "instance": null,
                "key": undefined,
                "nodeType": "host",
                "props": Object {
                  "children": <use
                    xlinkHref="icons.svg#dislike"
                  />,
                  "className": "icon",
                },
                "ref": null,
                "rendered": Object {
                  "instance": null,
                  "key": undefined,
                  "nodeType": "host",
                  "props": Object {
                    "xlinkHref": "icons.svg#dislike",
                  },
                  "ref": null,
                  "rendered": null,
                  "type": "use",
                },
                "type": "svg",
              },
            ],
            "type": "p",
          },
          Object {
            "instance": null,
            "key": undefined,
            "nodeType": "host",
            "props": Object {
              "children": "0 comments",
              "className": "comments",
            },
            "ref": null,
            "rendered": "0 comments",
            "type": "p",
          },
          Object {
            "instance": null,
            "key": undefined,
            "nodeType": "class",
            "props": Object {
              "children": "Edit Article",
              "className": "edit p hoverable",
              "onClick": [Function],
              "replace": false,
              "to": "/articles/edit/this-is-a-fine-title-which-i-would-really-love-to-have",
            },
            "ref": null,
            "rendered": "Edit Article",
            "type": [Function],
          },
        ],
        "type": "div",
      },
    ],
    "type": "div",
  },
  Symbol(enzyme.__nodes__): Array [
    Object {
      "instance": null,
      "key": undefined,
      "nodeType": "host",
      "props": Object {
        "children": Array [
          <Link
            className="profile-article_user-img"
            onClick={[Function]}
            replace={false}
            to="/user/profile/1"
          >
            <img
              alt="user"
              src="https://res.cloudinary.com/drmmqcxkc/image/upload/v1541506955/user-placeholder.png"
            />
          </Link>,
          <div
            className="profile-article_img"
            style={
              Object {
                "backgroundImage": "url(https://res.cloudinary.com/drmmqcxkc/image/upload/v1541513674/Authors%20Haven/article-placeholder.jpg)",
              }
            }
          />,
          <h3>
            This is a fine title which I would really love to have
          </h3>,
          <Link
            className="profile-article_username p"
            onClick={[Function]}
            replace={false}
            to="/user/profile/1"
          >
            Afeez Awoyemi
          </Link>,
          <p
            className="profile-article_date"
          >
            Nov 9, 2018
          </p>,
          <p
            className="profile-article_read-time"
          >
            1 minute read
          </p>,
          <p
            className="profile-article_description"
          >
             this is the fine long body  this is the fine long body 
          </p>,
          <div
            className="profile-article_footer"
          >
            <p
              className="profile-article_likes"
            >
              0
               
              <svg
                className="icon"
              >
                <use
                  xlinkHref="icons.svg#like"
                />
              </svg>
            </p>
            <p
              className="profile-article_dislikes"
            >
              0
               
              <svg
                className="icon"
              >
                <use
                  xlinkHref="icons.svg#dislike"
                />
              </svg>
            </p>
            <p
              className="comments"
            >
              0 comments
            </p>
            <Link
              className="edit p hoverable"
              onClick={[Function]}
              replace={false}
              to="/articles/edit/this-is-a-fine-title-which-i-would-really-love-to-have"
            >
              Edit Article
            </Link>
          </div>,
        ],
        "className": "profile-article hoverable",
        "onClick": [Function],
      },
      "ref": null,
      "rendered": Array [
        Object {
          "instance": null,
          "key": undefined,
          "nodeType": "class",
          "props": Object {
            "children": <img
              alt="user"
              src="https://res.cloudinary.com/drmmqcxkc/image/upload/v1541506955/user-placeholder.png"
            />,
            "className": "profile-article_user-img",
            "onClick": [Function],
            "replace": false,
            "to": "/user/profile/1",
          },
          "ref": null,
          "rendered": Object {
            "instance": null,
            "key": undefined,
            "nodeType": "host",
            "props": Object {
              "alt": "user",
              "src": "https://res.cloudinary.com/drmmqcxkc/image/upload/v1541506955/user-placeholder.png",
            },
            "ref": null,
            "rendered": null,
            "type": "img",
          },
          "type": [Function],
        },
        Object {
          "instance": null,
          "key": undefined,
          "nodeType": "host",
          "props": Object {
            "className": "profile-article_img",
            "style": Object {
              "backgroundImage": "url(https://res.cloudinary.com/drmmqcxkc/image/upload/v1541513674/Authors%20Haven/article-placeholder.jpg)",
            },
          },
          "ref": null,
          "rendered": null,
          "type": "div",
        },
        Object {
          "instance": null,
          "key": undefined,
          "nodeType": "host",
          "props": Object {
            "children": "This is a fine title which I would really love to have",
          },
          "ref": null,
          "rendered": "This is a fine title which I would really love to have",
          "type": "h3",
        },
        Object {
          "instance": null,
          "key": undefined,
          "nodeType": "class",
          "props": Object {
            "children": "Afeez Awoyemi",
            "className": "profile-article_username p",
            "onClick": [Function],
            "replace": false,
            "to": "/user/profile/1",
          },
          "ref": null,
          "rendered": "Afeez Awoyemi",
          "type": [Function],
        },
        Object {
          "instance": null,
          "key": undefined,
          "nodeType": "host",
          "props": Object {
            "children": "Nov 9, 2018",
            "className": "profile-article_date",
          },
          "ref": null,
          "rendered": "Nov 9, 2018",
          "type": "p",
        },
        Object {
          "instance": null,
          "key": undefined,
          "nodeType": "host",
          "props": Object {
            "children": "1 minute read",
            "className": "profile-article_read-time",
          },
          "ref": null,
          "rendered": "1 minute read",
          "type": "p",
        },
        Object {
          "instance": null,
          "key": undefined,
          "nodeType": "host",
          "props": Object {
            "children": Array [
              " this is the fine long body  this is the fine long body ",
            ],
            "className": "profile-article_description",
          },
          "ref": null,
          "rendered": Array [
            " this is the fine long body  this is the fine long body ",
          ],
          "type": "p",
        },
        Object {
          "instance": null,
          "key": undefined,
          "nodeType": "host",
          "props": Object {
            "children": Array [
              <p
                className="profile-article_likes"
              >
                0
                 
                <svg
                  className="icon"
                >
                  <use
                    xlinkHref="icons.svg#like"
                  />
                </svg>
              </p>,
              <p
                className="profile-article_dislikes"
              >
                0
                 
                <svg
                  className="icon"
                >
                  <use
                    xlinkHref="icons.svg#dislike"
                  />
                </svg>
              </p>,
              <p
                className="comments"
              >
                0 comments
              </p>,
              <Link
                className="edit p hoverable"
                onClick={[Function]}
                replace={false}
                to="/articles/edit/this-is-a-fine-title-which-i-would-really-love-to-have"
              >
                Edit Article
              </Link>,
            ],
            "className": "profile-article_footer",
          },
          "ref": null,
          "rendered": Array [
            Object {
              "instance": null,
              "key": undefined,
              "nodeType": "host",
              "props": Object {
                "children": Array [
                  0,
                  " ",
                  <svg
                    className="icon"
                  >
                    <use
                      xlinkHref="icons.svg#like"
                    />
                  </svg>,
                ],
                "className": "profile-article_likes",
              },
              "ref": null,
              "rendered": Array [
                0,
                " ",
                Object {
                  "instance": null,
                  "key": undefined,
                  "nodeType": "host",
                  "props": Object {
                    "children": <use
                      xlinkHref="icons.svg#like"
                    />,
                    "className": "icon",
                  },
                  "ref": null,
                  "rendered": Object {
                    "instance": null,
                    "key": undefined,
                    "nodeType": "host",
                    "props": Object {
                      "xlinkHref": "icons.svg#like",
                    },
                    "ref": null,
                    "rendered": null,
                    "type": "use",
                  },
                  "type": "svg",
                },
              ],
              "type": "p",
            },
            Object {
              "instance": null,
              "key": undefined,
              "nodeType": "host",
              "props": Object {
                "children": Array [
                  0,
                  " ",
                  <svg
                    className="icon"
                  >
                    <use
                      xlinkHref="icons.svg#dislike"
                    />
                  </svg>,
                ],
                "className": "profile-article_dislikes",
              },
              "ref": null,
              "rendered": Array [
                0,
                " ",
                Object {
                  "instance": null,
                  "key": undefined,
                  "nodeType": "host",
                  "props": Object {
                    "children": <use
                      xlinkHref="icons.svg#dislike"
                    />,
                    "className": "icon",
                  },
                  "ref": null,
                  "rendered": Object {
                    "instance": null,
                    "key": undefined,
                    "nodeType": "host",
                    "props": Object {
                      "xlinkHref": "icons.svg#dislike",
                    },
                    "ref": null,
                    "rendered": null,
                    "type": "use",
                  },
                  "type": "svg",
                },
              ],
              "type": "p",
            },
            Object {
              "instance": null,
              "key": undefined,
              "nodeType": "host",
              "props": Object {
                "children": "0 comments",
                "className": "comments",
              },
              "ref": null,
              "rendered": "0 comments",
              "type": "p",
            },
            Object {
              "instance": null,
              "key": undefined,
              "nodeType": "class",
              "props": Object {
                "children": "Edit Article",
                "className": "edit p hoverable",
                "onClick": [Function],
                "replace": false,
                "to": "/articles/edit/this-is-a-fine-title-which-i-would-really-love-to-have",
              },
              "ref": null,
              "rendered": "Edit Article",
              "type": [Function],
            },
          ],
          "type": "div",
        },
      ],
      "type": "div",
    },
  ],
  Symbol(enzyme.__options__): Object {
    "adapter": ReactSixteenAdapter {
      "options": Object {
        "enableComponentDidUpdateOnSetState": true,
        "lifecycles": Object {
          "componentDidUpdate": Object {
            "onSetState": true,
          },
          "getDerivedStateFromProps": true,
          "getSnapshotBeforeUpdate": true,
          "setState": Object {
            "skipsComponentDidUpdateOnNullish": true,
          },
        },
      },
    },
  },
}
`;
