// Jest Snapshot v1, https://goo.gl/fbAQLP

exports[`BookmarkedArticles UI view should render as expected 1`] = `
<_default
  initialState={
    Object {
      "auth": Object {
        "authenticated": null,
        "ownProfile": Object {
          "userId": 1,
        },
        "user": null,
        "userId": null,
      },
    }
  }
>
  <Provider
    store={
      Object {
        "dispatch": [Function],
        "getState": [Function],
        "replaceReducer": [Function],
        "subscribe": [Function],
        Symbol(observable): [Function],
      }
    }
  >
    <MemoryRouter
      initialEntries={
        Array [
          Object {
            "key": "testKey",
          },
        ]
      }
    >
      <Router
        history={
          Object {
            "action": "POP",
            "block": [Function],
            "canGo": [Function],
            "createHref": [Function],
            "entries": Array [
              Object {
                "hash": "",
                "key": "testKey",
                "pathname": "/",
                "search": "",
              },
            ],
            "go": [Function],
            "goBack": [Function],
            "goForward": [Function],
            "index": 0,
            "length": 1,
            "listen": [Function],
            "location": Object {
              "hash": "",
              "key": "testKey",
              "pathname": "/",
              "search": "",
            },
            "push": [Function],
            "replace": [Function],
          }
        }
      >
        <Connect(BookmarkedArticles)>
          <BookmarkedArticles
            fetchProfile={[Function]}
            getBookmarkedArticles={[Function]}
            profileStore={
              Object {
                "articles": Array [],
                "favorites": Array [],
                "followers": Array [],
                "following": Array [],
                "loading": true,
                "profile": Object {},
                "profileError": "",
                "profileView": "Following",
                "user": Object {},
              }
            }
            user={
              Object {
                "userId": 1,
              }
            }
          >
            <Loader>
              <div
                className="no-record centralizer"
              >
                <div>
                  <img
                    alt="loader"
                    src="https://res.cloudinary.com/drmmqcxkc/image/upload/v1541426069/Authors%20Haven/Spinner-1s.gif"
                  />
                    
                  <span>
                    Loading
                  </span>
                </div>
              </div>
            </Loader>
          </BookmarkedArticles>
        </Connect(BookmarkedArticles)>
      </Router>
    </MemoryRouter>
  </Provider>
</_default>
`;
